mode: set
stratium/services/key-access/key-access.pb.go:47.34,52.2 4 1
stratium/services/key-access/key-access.pb.go:54.42,56.2 1 1
stratium/services/key-access/key-access.pb.go:58.40,58.41 0 1
stratium/services/key-access/key-access.pb.go:60.62,62.14 2 1
stratium/services/key-access/key-access.pb.go:62.14,64.34 2 1
stratium/services/key-access/key-access.pb.go:64.34,66.4 1 1
stratium/services/key-access/key-access.pb.go:67.3,67.12 1 1
stratium/services/key-access/key-access.pb.go:69.2,69.24 1 0
stratium/services/key-access/key-access.pb.go:73.53,75.2 1 0
stratium/services/key-access/key-access.pb.go:77.47,78.14 1 1
stratium/services/key-access/key-access.pb.go:78.14,80.3 1 1
stratium/services/key-access/key-access.pb.go:81.2,81.11 1 1
stratium/services/key-access/key-access.pb.go:84.42,85.14 1 1
stratium/services/key-access/key-access.pb.go:85.14,87.3 1 1
stratium/services/key-access/key-access.pb.go:88.2,88.12 1 1
stratium/services/key-access/key-access.pb.go:91.44,92.14 1 1
stratium/services/key-access/key-access.pb.go:92.14,94.3 1 1
stratium/services/key-access/key-access.pb.go:95.2,95.11 1 1
stratium/services/key-access/key-access.pb.go:98.45,99.14 1 1
stratium/services/key-access/key-access.pb.go:99.14,101.3 1 1
stratium/services/key-access/key-access.pb.go:102.2,102.11 1 1
stratium/services/key-access/key-access.pb.go:105.57,106.14 1 1
stratium/services/key-access/key-access.pb.go:106.14,108.3 1 1
stratium/services/key-access/key-access.pb.go:109.2,109.12 1 1
stratium/services/key-access/key-access.pb.go:112.45,113.14 1 1
stratium/services/key-access/key-access.pb.go:113.14,115.3 1 1
stratium/services/key-access/key-access.pb.go:116.2,116.11 1 1
stratium/services/key-access/key-access.pb.go:119.50,120.14 1 1
stratium/services/key-access/key-access.pb.go:120.14,122.3 1 1
stratium/services/key-access/key-access.pb.go:123.2,123.11 1 1
stratium/services/key-access/key-access.pb.go:145.35,150.2 4 1
stratium/services/key-access/key-access.pb.go:152.43,154.2 1 1
stratium/services/key-access/key-access.pb.go:156.41,156.42 0 1
stratium/services/key-access/key-access.pb.go:158.63,160.14 2 1
stratium/services/key-access/key-access.pb.go:160.14,162.34 2 1
stratium/services/key-access/key-access.pb.go:162.34,164.4 1 1
stratium/services/key-access/key-access.pb.go:165.3,165.12 1 1
stratium/services/key-access/key-access.pb.go:167.2,167.24 1 0
stratium/services/key-access/key-access.pb.go:171.54,173.2 1 0
stratium/services/key-access/key-access.pb.go:175.50,176.14 1 1
stratium/services/key-access/key-access.pb.go:176.14,178.3 1 1
stratium/services/key-access/key-access.pb.go:179.2,179.12 1 1
stratium/services/key-access/key-access.pb.go:182.45,183.14 1 1
stratium/services/key-access/key-access.pb.go:183.14,185.3 1 1
stratium/services/key-access/key-access.pb.go:186.2,186.11 1 1
stratium/services/key-access/key-access.pb.go:189.51,190.14 1 1
stratium/services/key-access/key-access.pb.go:190.14,192.3 1 1
stratium/services/key-access/key-access.pb.go:193.2,193.14 1 1
stratium/services/key-access/key-access.pb.go:196.52,197.14 1 1
stratium/services/key-access/key-access.pb.go:197.14,199.3 1 1
stratium/services/key-access/key-access.pb.go:200.2,200.11 1 1
stratium/services/key-access/key-access.pb.go:203.54,204.14 1 1
stratium/services/key-access/key-access.pb.go:204.14,206.3 1 1
stratium/services/key-access/key-access.pb.go:207.2,207.12 1 1
stratium/services/key-access/key-access.pb.go:210.65,211.14 1 1
stratium/services/key-access/key-access.pb.go:211.14,213.3 1 1
stratium/services/key-access/key-access.pb.go:214.2,214.12 1 1
stratium/services/key-access/key-access.pb.go:240.36,245.2 4 1
stratium/services/key-access/key-access.pb.go:247.44,249.2 1 1
stratium/services/key-access/key-access.pb.go:251.42,251.43 0 1
stratium/services/key-access/key-access.pb.go:253.64,255.14 2 1
stratium/services/key-access/key-access.pb.go:255.14,257.34 2 1
stratium/services/key-access/key-access.pb.go:257.34,259.4 1 1
stratium/services/key-access/key-access.pb.go:260.3,260.12 1 1
stratium/services/key-access/key-access.pb.go:262.2,262.24 1 0
stratium/services/key-access/key-access.pb.go:266.55,268.2 1 0
stratium/services/key-access/key-access.pb.go:270.49,271.14 1 1
stratium/services/key-access/key-access.pb.go:271.14,273.3 1 1
stratium/services/key-access/key-access.pb.go:274.2,274.11 1 1
stratium/services/key-access/key-access.pb.go:277.51,278.14 1 1
stratium/services/key-access/key-access.pb.go:278.14,280.3 1 1
stratium/services/key-access/key-access.pb.go:281.2,281.12 1 1
stratium/services/key-access/key-access.pb.go:284.46,285.14 1 1
stratium/services/key-access/key-access.pb.go:285.14,287.3 1 1
stratium/services/key-access/key-access.pb.go:288.2,288.11 1 1
stratium/services/key-access/key-access.pb.go:291.52,292.14 1 1
stratium/services/key-access/key-access.pb.go:292.14,294.3 1 1
stratium/services/key-access/key-access.pb.go:295.2,295.11 1 1
stratium/services/key-access/key-access.pb.go:298.47,299.14 1 1
stratium/services/key-access/key-access.pb.go:299.14,301.3 1 1
stratium/services/key-access/key-access.pb.go:302.2,302.11 1 1
stratium/services/key-access/key-access.pb.go:305.59,306.14 1 1
stratium/services/key-access/key-access.pb.go:306.14,308.3 1 1
stratium/services/key-access/key-access.pb.go:309.2,309.12 1 1
stratium/services/key-access/key-access.pb.go:312.47,313.14 1 1
stratium/services/key-access/key-access.pb.go:313.14,315.3 1 1
stratium/services/key-access/key-access.pb.go:316.2,316.11 1 1
stratium/services/key-access/key-access.pb.go:336.37,341.2 4 1
stratium/services/key-access/key-access.pb.go:343.45,345.2 1 1
stratium/services/key-access/key-access.pb.go:347.43,347.44 0 1
stratium/services/key-access/key-access.pb.go:349.65,351.14 2 1
stratium/services/key-access/key-access.pb.go:351.14,353.34 2 1
stratium/services/key-access/key-access.pb.go:353.34,355.4 1 1
stratium/services/key-access/key-access.pb.go:356.3,356.12 1 1
stratium/services/key-access/key-access.pb.go:358.2,358.24 1 0
stratium/services/key-access/key-access.pb.go:362.56,364.2 1 0
stratium/services/key-access/key-access.pb.go:366.55,367.14 1 1
stratium/services/key-access/key-access.pb.go:367.14,369.3 1 1
stratium/services/key-access/key-access.pb.go:370.2,370.12 1 1
stratium/services/key-access/key-access.pb.go:373.53,374.14 1 1
stratium/services/key-access/key-access.pb.go:374.14,376.3 1 1
stratium/services/key-access/key-access.pb.go:377.2,377.14 1 1
stratium/services/key-access/key-access.pb.go:380.54,381.14 1 1
stratium/services/key-access/key-access.pb.go:381.14,383.3 1 1
stratium/services/key-access/key-access.pb.go:384.2,384.11 1 1
stratium/services/key-access/key-access.pb.go:387.56,388.14 1 1
stratium/services/key-access/key-access.pb.go:388.14,390.3 1 1
stratium/services/key-access/key-access.pb.go:391.2,391.12 1 1
stratium/services/key-access/key-access.pb.go:394.67,395.14 1 1
stratium/services/key-access/key-access.pb.go:395.14,397.3 1 1
stratium/services/key-access/key-access.pb.go:398.2,398.12 1 1
stratium/services/key-access/key-access.pb.go:498.75,499.72 1 0
stratium/services/key-access/key-access.pb.go:499.72,501.3 1 0
stratium/services/key-access/key-access.pb.go:502.2,502.68 1 0
stratium/services/key-access/key-access.pb.go:531.13,531.71 1 1
stratium/services/key-access/key-access.pb.go:532.61,533.60 1 1
stratium/services/key-access/key-access.pb.go:533.60,535.3 1 0
stratium/services/key-access/key-access.pb.go:536.2,553.63 6 1
stratium/services/key-access/key-access_grpc.pb.go:42.84,44.2 1 1
stratium/services/key-access/key-access_grpc.pb.go:46.134,50.16 4 1
stratium/services/key-access/key-access_grpc.pb.go:50.16,52.3 1 0
stratium/services/key-access/key-access_grpc.pb.go:53.2,53.17 1 1
stratium/services/key-access/key-access_grpc.pb.go:56.140,60.16 4 1
stratium/services/key-access/key-access_grpc.pb.go:60.16,62.3 1 0
stratium/services/key-access/key-access_grpc.pb.go:63.2,63.17 1 1
stratium/services/key-access/key-access_grpc.pb.go:86.112,88.2 1 0
stratium/services/key-access/key-access_grpc.pb.go:89.118,91.2 1 0
stratium/services/key-access/key-access_grpc.pb.go:92.92,92.93 0 0
stratium/services/key-access/key-access_grpc.pb.go:93.92,93.93 0 1
stratium/services/key-access/key-access_grpc.pb.go:102.90,107.59 1 1
stratium/services/key-access/key-access_grpc.pb.go:107.59,109.3 1 1
stratium/services/key-access/key-access_grpc.pb.go:110.2,110.55 1 1
stratium/services/key-access/key-access_grpc.pb.go:113.169,115.32 2 1
stratium/services/key-access/key-access_grpc.pb.go:115.32,117.3 1 0
stratium/services/key-access/key-access_grpc.pb.go:118.2,118.24 1 1
stratium/services/key-access/key-access_grpc.pb.go:118.24,120.3 1 1
stratium/services/key-access/key-access_grpc.pb.go:121.2,125.77 2 0
stratium/services/key-access/key-access_grpc.pb.go:125.77,127.3 1 0
stratium/services/key-access/key-access_grpc.pb.go:128.2,128.44 1 0
stratium/services/key-access/key-access_grpc.pb.go:131.171,133.32 2 1
stratium/services/key-access/key-access_grpc.pb.go:133.32,135.3 1 0
stratium/services/key-access/key-access_grpc.pb.go:136.2,136.24 1 1
stratium/services/key-access/key-access_grpc.pb.go:136.24,138.3 1 1
stratium/services/key-access/key-access_grpc.pb.go:139.2,143.77 2 0
stratium/services/key-access/key-access_grpc.pb.go:143.77,145.3 1 0
stratium/services/key-access/key-access_grpc.pb.go:146.2,146.44 1 0
stratium/services/key-access/key_integrity.go:20.52,28.2 2 1
stratium/services/key-access/key_integrity.go:31.87,37.27 2 1
stratium/services/key-access/key_integrity.go:37.27,42.3 4 1
stratium/services/key-access/key_integrity.go:44.2,44.28 1 1
stratium/services/key-access/key_integrity.go:44.28,49.3 4 1
stratium/services/key-access/key_integrity.go:52.2,56.42 4 1
stratium/services/key-access/key_integrity.go:60.131,75.2 7 1
stratium/services/key-access/kyber_support.go:16.105,17.17 1 1
stratium/services/key-access/kyber_support.go:18.45,20.17 2 1
stratium/services/key-access/kyber_support.go:20.17,22.4 1 1
stratium/services/key-access/kyber_support.go:23.3,23.24 1 1
stratium/services/key-access/kyber_support.go:24.45,26.17 2 1
stratium/services/key-access/kyber_support.go:26.17,28.4 1 0
stratium/services/key-access/kyber_support.go:29.3,29.24 1 1
stratium/services/key-access/kyber_support.go:30.46,32.17 2 1
stratium/services/key-access/kyber_support.go:32.17,34.4 1 0
stratium/services/key-access/kyber_support.go:35.3,35.24 1 1
stratium/services/key-access/kyber_support.go:36.10,37.25 1 1
stratium/services/key-access/kyber_support.go:41.100,42.36 1 1
stratium/services/key-access/kyber_support.go:43.27,45.17 2 1
stratium/services/key-access/kyber_support.go:45.17,47.4 1 0
stratium/services/key-access/kyber_support.go:48.3,49.30 2 1
stratium/services/key-access/kyber_support.go:50.27,52.17 2 1
stratium/services/key-access/kyber_support.go:52.17,54.4 1 0
stratium/services/key-access/kyber_support.go:55.3,56.30 2 1
stratium/services/key-access/kyber_support.go:57.28,59.17 2 1
stratium/services/key-access/kyber_support.go:59.17,61.4 1 0
stratium/services/key-access/kyber_support.go:62.3,63.30 2 1
stratium/services/key-access/kyber_support.go:64.10,65.25 1 1
stratium/services/key-access/platform_client.go:28.107,29.24 1 1
stratium/services/key-access/platform_client.go:29.24,31.3 1 1
stratium/services/key-access/platform_client.go:33.2,34.35 2 1
stratium/services/key-access/platform_client.go:34.35,36.17 2 0
stratium/services/key-access/platform_client.go:36.17,38.4 1 0
stratium/services/key-access/platform_client.go:39.3,39.40 1 0
stratium/services/key-access/platform_client.go:40.8,42.3 1 1
stratium/services/key-access/platform_client.go:45.2,50.16 2 1
stratium/services/key-access/platform_client.go:50.16,52.3 1 0
stratium/services/key-access/platform_client.go:54.2,61.8 3 1
stratium/services/key-access/platform_client.go:65.171,73.16 5 1
stratium/services/key-access/platform_client.go:73.16,80.3 2 1
stratium/services/key-access/platform_client.go:82.2,84.16 3 1
stratium/services/key-access/platform_client.go:84.16,91.3 2 0
stratium/services/key-access/platform_client.go:93.2,98.38 4 1
stratium/services/key-access/platform_client.go:98.38,100.17 2 1
stratium/services/key-access/platform_client.go:100.17,101.12 1 0
stratium/services/key-access/platform_client.go:103.3,103.42 1 1
stratium/services/key-access/platform_client.go:107.2,113.16 2 1
stratium/services/key-access/platform_client.go:113.16,116.3 2 1
stratium/services/key-access/platform_client.go:119.2,127.32 2 1
stratium/services/key-access/platform_client.go:127.32,129.3 1 1
stratium/services/key-access/platform_client.go:131.2,131.22 1 1
stratium/services/key-access/platform_client.go:131.22,133.3 1 1
stratium/services/key-access/platform_client.go:133.8,135.3 1 1
stratium/services/key-access/platform_client.go:136.2,140.44 2 1
stratium/services/key-access/platform_client.go:140.44,142.3 1 1
stratium/services/key-access/platform_client.go:144.2,144.22 1 1
stratium/services/key-access/platform_client.go:148.44,149.19 1 1
stratium/services/key-access/platform_client.go:149.19,151.3 1 1
stratium/services/key-access/platform_client.go:152.2,152.12 1 1
stratium/services/key-access/server.go:87.76,88.115 1 0
stratium/services/key-access/server.go:88.115,90.3 1 0
stratium/services/key-access/server.go:91.2,91.113 1 0
stratium/services/key-access/server.go:91.113,93.3 1 0
stratium/services/key-access/server.go:95.2,96.16 2 0
stratium/services/key-access/server.go:96.16,98.3 1 0
stratium/services/key-access/server.go:101.2,106.16 2 0
stratium/services/key-access/server.go:106.16,108.3 1 0
stratium/services/key-access/server.go:110.2,114.16 3 0
stratium/services/key-access/server.go:114.16,117.3 2 0
stratium/services/key-access/server.go:120.2,121.16 2 0
stratium/services/key-access/server.go:121.16,123.3 1 0
stratium/services/key-access/server.go:126.2,132.16 2 0
stratium/services/key-access/server.go:132.16,138.3 1 0
stratium/services/key-access/server.go:140.2,141.19 2 0
stratium/services/key-access/server.go:141.19,143.3 1 0
stratium/services/key-access/server.go:145.2,155.138 2 0
stratium/services/key-access/server.go:155.138,157.3 1 0
stratium/services/key-access/server.go:159.2,160.20 2 0
stratium/services/key-access/server.go:164.101,167.24 2 1
stratium/services/key-access/server.go:167.24,169.3 1 1
stratium/services/key-access/server.go:171.2,173.16 3 1
stratium/services/key-access/server.go:173.16,175.3 1 0
stratium/services/key-access/server.go:177.2,177.33 1 1
stratium/services/key-access/server.go:180.105,181.45 1 1
stratium/services/key-access/server.go:181.45,183.17 2 1
stratium/services/key-access/server.go:183.17,185.4 1 1
stratium/services/key-access/server.go:186.3,186.44 1 1
stratium/services/key-access/server.go:188.2,188.39 1 1
stratium/services/key-access/server.go:192.92,193.82 1 1
stratium/services/key-access/server.go:193.82,195.3 1 1
stratium/services/key-access/server.go:197.2,199.16 3 1
stratium/services/key-access/server.go:199.16,201.3 1 1
stratium/services/key-access/server.go:202.2,202.25 1 0
stratium/services/key-access/server.go:205.55,206.39 1 1
stratium/services/key-access/server.go:206.39,208.3 1 1
stratium/services/key-access/server.go:209.2,209.21 1 1
stratium/services/key-access/server.go:212.32,214.2 1 1
stratium/services/key-access/server.go:217.32,219.29 2 1
stratium/services/key-access/server.go:219.29,220.60 1 1
stratium/services/key-access/server.go:220.60,222.4 1 0
stratium/services/key-access/server.go:224.2,224.27 1 1
stratium/services/key-access/server.go:224.27,225.58 1 1
stratium/services/key-access/server.go:225.58,227.4 1 0
stratium/services/key-access/server.go:229.2,229.12 1 1
stratium/services/key-access/server.go:233.53,235.2 1 1
stratium/services/key-access/server.go:238.103,246.15 4 1
stratium/services/key-access/server.go:246.15,248.18 2 1
stratium/services/key-access/server.go:248.18,251.54 3 1
stratium/services/key-access/server.go:251.54,253.5 1 1
stratium/services/key-access/server.go:255.3,255.17 1 1
stratium/services/key-access/server.go:255.17,257.4 1 0
stratium/services/key-access/server.go:258.3,259.13 2 1
stratium/services/key-access/server.go:262.2,265.61 3 1
stratium/services/key-access/server.go:265.61,267.3 1 1
stratium/services/key-access/server.go:270.2,272.16 3 1
stratium/services/key-access/server.go:272.16,275.3 1 0
stratium/services/key-access/server.go:277.2,279.19 3 1
stratium/services/key-access/server.go:279.19,281.3 1 0
stratium/services/key-access/server.go:284.2,285.94 2 1
stratium/services/key-access/server.go:285.94,287.3 1 1
stratium/services/key-access/server.go:289.2,292.67 2 1
stratium/services/key-access/server.go:292.67,294.3 1 1
stratium/services/key-access/server.go:297.2,297.51 1 1
stratium/services/key-access/server.go:297.51,299.3 1 1
stratium/services/key-access/server.go:302.2,303.16 2 1
stratium/services/key-access/server.go:303.16,305.3 1 1
stratium/services/key-access/server.go:307.2,308.16 2 1
stratium/services/key-access/server.go:308.16,310.3 1 1
stratium/services/key-access/server.go:312.2,312.29 1 1
stratium/services/key-access/server.go:312.29,314.3 1 1
stratium/services/key-access/server.go:317.2,318.17 2 1
stratium/services/key-access/server.go:318.17,321.17 2 1
stratium/services/key-access/server.go:321.17,323.4 1 1
stratium/services/key-access/server.go:327.2,327.61 1 1
stratium/services/key-access/server.go:327.61,329.3 1 1
stratium/services/key-access/server.go:331.2,338.16 2 1
stratium/services/key-access/server.go:338.16,340.3 1 1
stratium/services/key-access/server.go:342.2,342.40 1 1
stratium/services/key-access/server.go:342.40,344.3 1 1
stratium/services/key-access/server.go:346.2,357.8 3 1
stratium/services/key-access/server.go:361.109,369.15 4 1
stratium/services/key-access/server.go:369.15,371.18 2 1
stratium/services/key-access/server.go:371.18,374.54 3 1
stratium/services/key-access/server.go:374.54,376.5 1 1
stratium/services/key-access/server.go:378.3,378.17 1 1
stratium/services/key-access/server.go:378.17,380.4 1 0
stratium/services/key-access/server.go:381.3,382.13 2 1
stratium/services/key-access/server.go:385.2,388.61 3 1
stratium/services/key-access/server.go:388.61,390.3 1 1
stratium/services/key-access/server.go:393.2,395.16 3 1
stratium/services/key-access/server.go:395.16,398.3 1 1
stratium/services/key-access/server.go:400.2,402.19 3 1
stratium/services/key-access/server.go:402.19,404.3 1 0
stratium/services/key-access/server.go:407.2,408.26 2 1
stratium/services/key-access/server.go:408.26,410.3 1 1
stratium/services/key-access/server.go:412.2,415.69 2 1
stratium/services/key-access/server.go:415.69,417.3 1 1
stratium/services/key-access/server.go:420.2,420.53 1 1
stratium/services/key-access/server.go:420.53,422.3 1 0
stratium/services/key-access/server.go:425.2,426.16 2 1
stratium/services/key-access/server.go:426.16,428.3 1 1
stratium/services/key-access/server.go:430.2,431.16 2 1
stratium/services/key-access/server.go:431.16,433.3 1 1
stratium/services/key-access/server.go:435.2,435.29 1 1
stratium/services/key-access/server.go:435.29,437.3 1 1
stratium/services/key-access/server.go:441.2,450.16 2 1
stratium/services/key-access/server.go:450.16,452.3 1 1
stratium/services/key-access/server.go:454.2,454.31 1 1
stratium/services/key-access/server.go:454.31,456.3 1 1
stratium/services/key-access/server.go:458.2,466.8 2 1
stratium/services/key-access/server.go:471.65,473.24 1 1
stratium/services/key-access/server.go:473.24,475.3 1 1
stratium/services/key-access/server.go:476.2,476.23 1 1
stratium/services/key-access/server.go:476.23,478.3 1 1
stratium/services/key-access/server.go:479.2,479.27 1 1
stratium/services/key-access/server.go:479.27,481.3 1 1
stratium/services/key-access/server.go:483.2,483.22 1 1
stratium/services/key-access/server.go:483.22,485.3 1 1
stratium/services/key-access/server.go:486.2,486.12 1 1
stratium/services/key-access/server.go:489.69,491.24 1 1
stratium/services/key-access/server.go:491.24,493.3 1 1
stratium/services/key-access/server.go:494.2,494.21 1 1
stratium/services/key-access/server.go:494.21,496.3 1 1
stratium/services/key-access/server.go:497.2,497.30 1 1
stratium/services/key-access/server.go:497.30,499.3 1 1
stratium/services/key-access/server.go:500.2,500.22 1 1
stratium/services/key-access/server.go:500.22,502.3 1 1
stratium/services/key-access/server.go:503.2,503.12 1 1
stratium/services/key-access/server.go:506.104,507.27 1 1
stratium/services/key-access/server.go:507.27,509.3 1 1
stratium/services/key-access/server.go:510.2,511.16 2 1
stratium/services/key-access/server.go:511.16,513.3 1 1
stratium/services/key-access/server.go:514.2,516.12 3 1
stratium/services/key-access/server.go:519.108,520.27 1 1
stratium/services/key-access/server.go:520.27,522.3 1 1
stratium/services/key-access/server.go:523.2,524.16 2 1
stratium/services/key-access/server.go:524.16,526.3 1 1
stratium/services/key-access/server.go:527.2,529.12 3 1
stratium/services/key-access/server.go:532.95,533.19 1 1
stratium/services/key-access/server.go:533.19,535.3 1 1
stratium/services/key-access/server.go:537.2,541.16 2 1
stratium/services/key-access/server.go:541.16,543.3 1 1
stratium/services/key-access/server.go:545.2,547.32 3 1
stratium/services/key-access/server.go:547.32,548.64 1 1
stratium/services/key-access/server.go:548.64,549.12 1 1
stratium/services/key-access/server.go:551.3,552.42 2 1
stratium/services/key-access/server.go:552.42,554.4 1 1
stratium/services/key-access/server.go:555.3,555.51 1 1
stratium/services/key-access/server.go:555.51,558.4 2 1
stratium/services/key-access/server.go:561.2,561.19 1 1
stratium/services/key-access/server.go:561.19,563.3 1 1
stratium/services/key-access/server.go:565.2,565.31 1 1
stratium/services/key-access/server.go:568.77,573.16 2 1
stratium/services/key-access/server.go:573.16,575.3 1 1
stratium/services/key-access/server.go:577.2,577.29 1 1
stratium/services/key-access/server.go:577.29,579.3 1 1
stratium/services/key-access/server.go:582.2,582.36 1 1
stratium/services/key-access/server.go:582.36,583.59 1 1
stratium/services/key-access/server.go:583.59,585.4 1 1
stratium/services/key-access/server.go:588.2,588.47 1 1
stratium/services/key-access/server.go:591.106,593.18 2 1
stratium/services/key-access/server.go:593.18,595.3 1 1
stratium/services/key-access/server.go:597.2,597.73 1 1
stratium/services/key-access/server.go:597.73,598.17 1 1
stratium/services/key-access/server.go:598.17,600.4 1 0
stratium/services/key-access/server.go:601.3,602.24 2 1
stratium/services/key-access/server.go:606.2,607.16 2 1
stratium/services/key-access/server.go:607.16,609.3 1 1
stratium/services/key-access/server.go:610.2,611.23 2 1
stratium/services/key-access/server.go:614.85,615.36 1 1
stratium/services/key-access/server.go:616.22,617.70 1 1
stratium/services/key-access/server.go:619.24,623.17 2 1
stratium/services/key-access/server.go:623.17,625.4 1 0
stratium/services/key-access/server.go:628.3,632.17 3 1
stratium/services/key-access/server.go:632.17,634.4 1 0
stratium/services/key-access/server.go:637.3,638.17 2 1
stratium/services/key-access/server.go:638.17,640.4 1 0
stratium/services/key-access/server.go:642.3,643.17 2 1
stratium/services/key-access/server.go:643.17,645.4 1 0
stratium/services/key-access/server.go:647.3,648.45 2 1
stratium/services/key-access/server.go:648.45,650.4 1 0
stratium/services/key-access/server.go:652.3,656.53 3 1
stratium/services/key-access/server.go:658.10,659.70 1 1
stratium/services/key-access/server.go:659.70,661.4 1 1
stratium/services/key-access/server.go:662.3,662.71 1 1
stratium/services/key-access/server.go:667.102,670.16 2 1
stratium/services/key-access/server.go:670.16,672.3 1 0
stratium/services/key-access/server.go:674.2,675.16 2 1
stratium/services/key-access/server.go:675.16,677.3 1 0
stratium/services/key-access/server.go:679.2,680.44 2 1
stratium/services/key-access/server.go:680.44,682.3 1 0
stratium/services/key-access/server.go:685.2,689.52 2 1
stratium/services/key-access/server.go:693.99,699.49 3 1
stratium/services/key-access/server.go:699.49,701.3 1 1
stratium/services/key-access/server.go:703.2,707.16 2 1
stratium/services/key-access/server.go:707.16,710.3 2 1
stratium/services/key-access/server.go:711.2,711.68 1 1
stratium/services/key-access/server.go:711.68,713.3 1 1
stratium/services/key-access/server.go:715.2,716.16 2 1
stratium/services/key-access/server.go:716.16,719.3 2 1
stratium/services/key-access/server.go:721.2,722.23 2 1
stratium/services/key-access/server.go:725.60,726.17 1 1
stratium/services/key-access/server.go:729.40,730.14 1 1
stratium/services/key-access/server.go:731.10,732.15 1 1
stratium/services/key-access/server.go:747.61,752.2 1 1
stratium/services/key-access/server.go:754.70,758.44 4 1
stratium/services/key-access/server.go:758.44,760.9 2 1
stratium/services/key-access/server.go:760.9,765.4 3 1
stratium/services/key-access/server.go:766.3,766.20 1 1
stratium/services/key-access/server.go:768.2,769.30 2 1
stratium/services/key-access/server.go:772.73,779.2 3 1
stratium/services/key-access/server.go:781.94,782.36 1 1
stratium/services/key-access/server.go:783.22,790.50 1 1
stratium/services/key-access/server.go:791.10,792.56 1 1
stratium/services/key-access/server.go:796.93,810.2 5 1
stratium/services/key-access/server.go:812.96,821.2 1 1
stratium/services/key-access/server.go:823.102,831.2 1 1
stratium/services/key-access/server.go:834.60,840.2 3 1
stratium/services/key-access/server.go:842.118,847.13 4 1
stratium/services/key-access/server.go:847.13,849.3 1 1
stratium/services/key-access/server.go:851.2,851.17 1 1
stratium/services/key-access/server.go:854.128,860.2 4 1
stratium/services/key-access/server.go:862.87,867.30 4 1
stratium/services/key-access/server.go:867.30,869.3 1 1
stratium/services/key-access/server.go:871.2,871.22 1 1
stratium/services/key-access/server.go:874.51,878.35 2 1
stratium/services/key-access/server.go:878.35,880.17 2 1
stratium/services/key-access/server.go:880.17,882.12 2 0
stratium/services/key-access/server.go:885.3,886.66 2 1
stratium/services/key-access/telemetry.go:28.31,29.26 1 1
stratium/services/key-access/telemetry.go:29.26,40.17 5 1
stratium/services/key-access/telemetry.go:40.17,42.4 1 0
stratium/services/key-access/telemetry.go:44.3,47.17 1 1
stratium/services/key-access/telemetry.go:47.17,49.4 1 0
stratium/services/key-access/telemetry.go:51.3,54.17 1 1
stratium/services/key-access/telemetry.go:54.17,56.4 1 0
stratium/services/key-access/telemetry.go:58.3,62.17 1 1
stratium/services/key-access/telemetry.go:62.17,64.4 1 0
stratium/services/key-access/telemetry.go:66.3,69.17 1 1
stratium/services/key-access/telemetry.go:69.17,71.4 1 0
stratium/services/key-access/telemetry.go:73.3,76.17 1 1
stratium/services/key-access/telemetry.go:76.17,78.4 1 0
stratium/services/key-access/telemetry.go:80.3,83.17 1 1
stratium/services/key-access/telemetry.go:83.17,85.4 1 0
stratium/services/key-access/telemetry.go:89.118,91.28 2 1
stratium/services/key-access/telemetry.go:91.28,93.3 1 1
stratium/services/key-access/telemetry.go:94.2,94.73 1 1
stratium/services/key-access/telemetry.go:97.96,101.24 2 1
stratium/services/key-access/telemetry.go:101.24,103.3 1 1
stratium/services/key-access/telemetry.go:104.2,104.25 1 1
stratium/services/key-access/telemetry.go:104.25,106.3 1 1
stratium/services/key-access/telemetry.go:107.2,107.37 1 1
stratium/services/key-access/telemetry.go:107.37,111.3 1 1
stratium/services/key-access/telemetry.go:114.98,118.26 2 1
stratium/services/key-access/telemetry.go:118.26,120.3 1 1
stratium/services/key-access/telemetry.go:121.2,121.27 1 1
stratium/services/key-access/telemetry.go:121.27,123.3 1 1
stratium/services/key-access/telemetry.go:124.2,124.39 1 1
stratium/services/key-access/telemetry.go:124.39,128.3 1 1
stratium/services/key-access/telemetry.go:131.43,132.34 1 1
stratium/services/key-access/telemetry.go:132.34,134.3 1 1
stratium/services/key-access/telemetry.go:135.2,136.9 2 1
stratium/services/key-access/telemetry.go:136.9,138.3 1 1
stratium/services/key-access/telemetry.go:139.2,141.4 1 1
