mode: set
stratium/services/pap/audit_handlers.go:13.48,15.48 2 1
stratium/services/pap/audit_handlers.go:15.48,18.3 2 0
stratium/services/pap/audit_handlers.go:21.2,21.20 1 1
stratium/services/pap/audit_handlers.go:21.20,23.3 1 1
stratium/services/pap/audit_handlers.go:24.2,24.21 1 1
stratium/services/pap/audit_handlers.go:24.21,26.3 1 1
stratium/services/pap/audit_handlers.go:28.2,29.16 2 1
stratium/services/pap/audit_handlers.go:29.16,32.3 2 1
stratium/services/pap/audit_handlers.go:34.2,35.16 2 1
stratium/services/pap/audit_handlers.go:35.16,38.3 2 1
stratium/services/pap/audit_handlers.go:40.2,45.4 1 1
stratium/services/pap/audit_handlers.go:49.46,51.16 2 1
stratium/services/pap/audit_handlers.go:51.16,54.3 2 1
stratium/services/pap/audit_handlers.go:56.2,57.16 2 1
stratium/services/pap/audit_handlers.go:57.16,60.3 2 1
stratium/services/pap/audit_handlers.go:62.2,62.33 1 1
stratium/services/pap/auth.go:43.63,45.32 2 0
stratium/services/pap/auth.go:45.32,47.3 1 0
stratium/services/pap/auth.go:49.2,50.16 2 0
stratium/services/pap/auth.go:50.16,52.3 1 0
stratium/services/pap/auth.go:54.2,73.8 3 0
stratium/services/pap/auth.go:77.37,79.2 1 1
stratium/services/pap/auth.go:82.99,84.14 1 1
stratium/services/pap/auth.go:84.14,91.3 1 1
stratium/services/pap/auth.go:94.2,95.16 2 0
stratium/services/pap/auth.go:95.16,97.3 1 0
stratium/services/pap/auth.go:99.2,100.48 2 0
stratium/services/pap/auth.go:100.48,102.3 1 0
stratium/services/pap/auth.go:104.2,104.21 1 0
stratium/services/pap/auth.go:108.51,109.30 1 1
stratium/services/pap/auth.go:109.30,112.23 2 1
stratium/services/pap/auth.go:112.23,116.4 3 1
stratium/services/pap/auth.go:119.3,120.46 2 1
stratium/services/pap/auth.go:120.46,124.4 3 1
stratium/services/pap/auth.go:126.3,130.17 3 0
stratium/services/pap/auth.go:130.17,135.4 4 0
stratium/services/pap/auth.go:138.3,143.11 5 0
stratium/services/pap/auth.go:151.40,155.2 1 1
stratium/services/pap/auth.go:158.103,165.2 1 0
stratium/services/pap/auth.go:168.55,169.30 1 1
stratium/services/pap/auth.go:169.30,175.3 4 1
stratium/services/pap/entitlement_handlers.go:13.52,15.47 2 1
stratium/services/pap/entitlement_handlers.go:15.47,18.3 2 1
stratium/services/pap/entitlement_handlers.go:20.2,21.16 2 1
stratium/services/pap/entitlement_handlers.go:21.16,24.3 2 1
stratium/services/pap/entitlement_handlers.go:27.2,28.47 2 1
stratium/services/pap/entitlement_handlers.go:28.47,31.3 2 0
stratium/services/pap/entitlement_handlers.go:33.2,33.84 1 1
stratium/services/pap/entitlement_handlers.go:33.84,36.3 2 1
stratium/services/pap/entitlement_handlers.go:39.2,44.41 2 1
stratium/services/pap/entitlement_handlers.go:48.51,50.48 2 1
stratium/services/pap/entitlement_handlers.go:50.48,53.3 2 0
stratium/services/pap/entitlement_handlers.go:56.2,56.20 1 1
stratium/services/pap/entitlement_handlers.go:56.20,58.3 1 1
stratium/services/pap/entitlement_handlers.go:59.2,59.21 1 1
stratium/services/pap/entitlement_handlers.go:59.21,61.3 1 0
stratium/services/pap/entitlement_handlers.go:63.2,64.16 2 1
stratium/services/pap/entitlement_handlers.go:64.16,67.3 2 1
stratium/services/pap/entitlement_handlers.go:69.2,70.16 2 1
stratium/services/pap/entitlement_handlers.go:70.16,73.3 2 1
stratium/services/pap/entitlement_handlers.go:75.2,80.4 1 1
stratium/services/pap/entitlement_handlers.go:84.49,86.16 2 1
stratium/services/pap/entitlement_handlers.go:86.16,89.3 2 1
stratium/services/pap/entitlement_handlers.go:91.2,92.16 2 1
stratium/services/pap/entitlement_handlers.go:92.16,93.43 1 1
stratium/services/pap/entitlement_handlers.go:93.43,96.4 2 1
stratium/services/pap/entitlement_handlers.go:97.3,98.9 2 1
stratium/services/pap/entitlement_handlers.go:101.2,101.36 1 1
stratium/services/pap/entitlement_handlers.go:105.52,107.16 2 1
stratium/services/pap/entitlement_handlers.go:107.16,110.3 2 1
stratium/services/pap/entitlement_handlers.go:112.2,113.47 2 1
stratium/services/pap/entitlement_handlers.go:113.47,116.3 2 0
stratium/services/pap/entitlement_handlers.go:118.2,119.16 2 1
stratium/services/pap/entitlement_handlers.go:119.16,122.3 2 1
stratium/services/pap/entitlement_handlers.go:125.2,126.16 2 1
stratium/services/pap/entitlement_handlers.go:126.16,127.43 1 1
stratium/services/pap/entitlement_handlers.go:127.43,130.4 2 1
stratium/services/pap/entitlement_handlers.go:131.3,132.9 2 1
stratium/services/pap/entitlement_handlers.go:136.2,137.54 2 1
stratium/services/pap/entitlement_handlers.go:137.54,139.3 1 1
stratium/services/pap/entitlement_handlers.go:140.2,140.63 1 1
stratium/services/pap/entitlement_handlers.go:140.63,142.3 1 1
stratium/services/pap/entitlement_handlers.go:145.2,147.47 2 1
stratium/services/pap/entitlement_handlers.go:147.47,150.3 2 0
stratium/services/pap/entitlement_handlers.go:153.2,153.84 1 1
stratium/services/pap/entitlement_handlers.go:153.84,156.3 2 1
stratium/services/pap/entitlement_handlers.go:159.2,161.36 2 1
stratium/services/pap/entitlement_handlers.go:165.52,167.16 2 1
stratium/services/pap/entitlement_handlers.go:167.16,170.3 2 1
stratium/services/pap/entitlement_handlers.go:172.2,173.16 2 1
stratium/services/pap/entitlement_handlers.go:173.16,176.3 2 1
stratium/services/pap/entitlement_handlers.go:179.2,180.16 2 1
stratium/services/pap/entitlement_handlers.go:180.16,181.43 1 1
stratium/services/pap/entitlement_handlers.go:181.43,184.4 2 1
stratium/services/pap/entitlement_handlers.go:185.3,186.9 2 1
stratium/services/pap/entitlement_handlers.go:190.2,190.75 1 1
stratium/services/pap/entitlement_handlers.go:190.75,193.3 2 1
stratium/services/pap/entitlement_handlers.go:196.2,200.77 2 1
stratium/services/pap/entitlement_handlers.go:204.59,206.47 2 1
stratium/services/pap/entitlement_handlers.go:206.47,209.3 2 1
stratium/services/pap/entitlement_handlers.go:210.2,210.62 1 1
stratium/services/pap/entitlement_handlers.go:210.62,213.3 2 1
stratium/services/pap/entitlement_handlers.go:215.2,216.16 2 1
stratium/services/pap/entitlement_handlers.go:216.16,219.3 2 1
stratium/services/pap/entitlement_handlers.go:221.2,224.4 1 1
stratium/services/pap/policy_handlers.go:14.47,16.47 2 1
stratium/services/pap/policy_handlers.go:16.47,19.3 2 1
stratium/services/pap/policy_handlers.go:20.2,20.58 1 1
stratium/services/pap/policy_handlers.go:20.58,23.3 2 1
stratium/services/pap/policy_handlers.go:26.2,27.16 2 1
stratium/services/pap/policy_handlers.go:27.16,30.3 2 1
stratium/services/pap/policy_handlers.go:33.2,34.16 2 1
stratium/services/pap/policy_handlers.go:34.16,37.3 2 0
stratium/services/pap/policy_handlers.go:39.2,39.100 1 1
stratium/services/pap/policy_handlers.go:39.100,42.3 2 1
stratium/services/pap/policy_handlers.go:45.2,46.74 2 1
stratium/services/pap/policy_handlers.go:46.74,49.3 2 1
stratium/services/pap/policy_handlers.go:52.2,59.86 2 1
stratium/services/pap/policy_handlers.go:59.86,62.3 1 0
stratium/services/pap/policy_handlers.go:64.2,64.36 1 1
stratium/services/pap/policy_handlers.go:68.47,70.48 2 1
stratium/services/pap/policy_handlers.go:70.48,73.3 2 0
stratium/services/pap/policy_handlers.go:76.2,76.20 1 1
stratium/services/pap/policy_handlers.go:76.20,78.3 1 1
stratium/services/pap/policy_handlers.go:79.2,79.21 1 1
stratium/services/pap/policy_handlers.go:79.21,81.3 1 0
stratium/services/pap/policy_handlers.go:83.2,84.16 2 1
stratium/services/pap/policy_handlers.go:84.16,87.3 2 1
stratium/services/pap/policy_handlers.go:89.2,90.16 2 1
stratium/services/pap/policy_handlers.go:90.16,93.3 2 1
stratium/services/pap/policy_handlers.go:95.2,100.4 1 1
stratium/services/pap/policy_handlers.go:104.44,106.16 2 1
stratium/services/pap/policy_handlers.go:106.16,109.3 2 1
stratium/services/pap/policy_handlers.go:111.2,112.16 2 1
stratium/services/pap/policy_handlers.go:112.16,113.38 1 1
stratium/services/pap/policy_handlers.go:113.38,116.4 2 1
stratium/services/pap/policy_handlers.go:117.3,118.9 2 1
stratium/services/pap/policy_handlers.go:121.2,121.31 1 1
stratium/services/pap/policy_handlers.go:125.47,127.16 2 1
stratium/services/pap/policy_handlers.go:127.16,130.3 2 1
stratium/services/pap/policy_handlers.go:132.2,133.47 2 1
stratium/services/pap/policy_handlers.go:133.47,136.3 2 0
stratium/services/pap/policy_handlers.go:137.2,137.58 1 1
stratium/services/pap/policy_handlers.go:137.58,140.3 2 1
stratium/services/pap/policy_handlers.go:142.2,143.16 2 1
stratium/services/pap/policy_handlers.go:143.16,146.3 2 1
stratium/services/pap/policy_handlers.go:149.2,150.16 2 1
stratium/services/pap/policy_handlers.go:150.16,151.38 1 1
stratium/services/pap/policy_handlers.go:151.38,154.4 2 1
stratium/services/pap/policy_handlers.go:155.3,156.9 2 1
stratium/services/pap/policy_handlers.go:160.2,160.30 1 1
stratium/services/pap/policy_handlers.go:160.30,162.26 2 1
stratium/services/pap/policy_handlers.go:162.26,164.4 1 1
stratium/services/pap/policy_handlers.go:166.3,167.17 2 1
stratium/services/pap/policy_handlers.go:167.17,170.4 2 0
stratium/services/pap/policy_handlers.go:172.3,172.98 1 1
stratium/services/pap/policy_handlers.go:172.98,175.4 2 1
stratium/services/pap/policy_handlers.go:179.2,180.49 2 1
stratium/services/pap/policy_handlers.go:180.49,182.3 1 1
stratium/services/pap/policy_handlers.go:183.2,183.58 1 1
stratium/services/pap/policy_handlers.go:183.58,185.3 1 1
stratium/services/pap/policy_handlers.go:188.2,191.74 2 1
stratium/services/pap/policy_handlers.go:191.74,194.3 2 1
stratium/services/pap/policy_handlers.go:197.2,200.101 2 1
stratium/services/pap/policy_handlers.go:200.101,203.3 1 0
stratium/services/pap/policy_handlers.go:205.2,205.86 1 1
stratium/services/pap/policy_handlers.go:205.86,207.3 1 0
stratium/services/pap/policy_handlers.go:209.2,209.31 1 1
stratium/services/pap/policy_handlers.go:213.47,215.16 2 1
stratium/services/pap/policy_handlers.go:215.16,218.3 2 1
stratium/services/pap/policy_handlers.go:220.2,221.16 2 1
stratium/services/pap/policy_handlers.go:221.16,224.3 2 1
stratium/services/pap/policy_handlers.go:227.2,228.16 2 1
stratium/services/pap/policy_handlers.go:228.16,229.38 1 1
stratium/services/pap/policy_handlers.go:229.38,232.4 2 1
stratium/services/pap/policy_handlers.go:233.3,234.9 2 1
stratium/services/pap/policy_handlers.go:238.2,238.70 1 1
stratium/services/pap/policy_handlers.go:238.70,241.3 2 1
stratium/services/pap/policy_handlers.go:244.2,249.101 2 1
stratium/services/pap/policy_handlers.go:249.101,251.3 1 0
stratium/services/pap/policy_handlers.go:253.2,253.86 1 1
stratium/services/pap/policy_handlers.go:253.86,255.3 1 0
stratium/services/pap/policy_handlers.go:257.2,257.72 1 1
stratium/services/pap/policy_handlers.go:261.49,267.47 2 1
stratium/services/pap/policy_handlers.go:267.47,270.3 2 1
stratium/services/pap/policy_handlers.go:271.2,271.84 1 1
stratium/services/pap/policy_handlers.go:271.84,274.3 2 1
stratium/services/pap/policy_handlers.go:276.2,277.16 2 1
stratium/services/pap/policy_handlers.go:277.16,280.3 2 0
stratium/services/pap/policy_handlers.go:282.2,282.100 1 1
stratium/services/pap/policy_handlers.go:282.100,289.3 2 1
stratium/services/pap/policy_handlers.go:291.2,294.4 1 1
stratium/services/pap/policy_handlers.go:298.45,308.47 2 1
stratium/services/pap/policy_handlers.go:308.47,311.3 2 1
stratium/services/pap/policy_handlers.go:312.2,312.142 1 1
stratium/services/pap/policy_handlers.go:312.142,315.3 2 1
stratium/services/pap/policy_handlers.go:317.2,320.16 3 1
stratium/services/pap/policy_handlers.go:320.16,323.3 2 0
stratium/services/pap/policy_handlers.go:326.2,335.16 3 1
stratium/services/pap/policy_handlers.go:335.16,338.3 2 1
stratium/services/pap/policy_handlers.go:341.2,352.4 2 1
stratium/services/pap/server.go:35.54,38.2 2 1
stratium/services/pap/server.go:41.154,53.2 3 1
stratium/services/pap/server.go:56.215,68.2 3 1
stratium/services/pap/server.go:71.56,86.41 3 1
stratium/services/pap/server.go:86.41,88.3 1 1
stratium/services/pap/server.go:89.2,99.2 8 1
stratium/services/pap/server.go:99.2,100.62 1 1
stratium/services/pap/server.go:100.62,102.4 1 0
stratium/services/pap/server.go:106.3,106.29 1 1
stratium/services/pap/server.go:106.29,108.4 1 1
stratium/services/pap/server.go:108.9,110.4 1 1
stratium/services/pap/server.go:113.3,114.3 2 1
stratium/services/pap/server.go:114.3,122.4 7 1
stratium/services/pap/server.go:125.3,126.3 2 1
stratium/services/pap/server.go:126.3,133.4 6 1
stratium/services/pap/server.go:136.3,137.3 2 1
stratium/services/pap/server.go:137.3,140.4 2 1
stratium/services/pap/server.go:145.43,147.21 2 0
stratium/services/pap/server.go:147.21,149.45 2 0
stratium/services/pap/server.go:152.2,157.18 2 0
stratium/services/pap/server.go:157.18,158.25 1 0
stratium/services/pap/server.go:158.25,160.4 1 0
stratium/services/pap/server.go:161.3,162.46 2 0
stratium/services/pap/server.go:165.2,165.36 1 0
stratium/services/pap/server.go:169.46,171.58 1 1
stratium/services/pap/server.go:171.58,178.3 2 1
stratium/services/pap/server.go:180.2,184.4 1 1
stratium/services/pap/server.go:189.69,191.13 2 1
stratium/services/pap/server.go:191.13,193.3 1 1
stratium/services/pap/server.go:195.2,196.9 2 1
stratium/services/pap/server.go:196.9,198.3 1 1
stratium/services/pap/server.go:200.2,200.21 1 1
stratium/services/pap/server.go:203.202,215.72 2 1
stratium/services/pap/server.go:215.72,217.3 1 1
stratium/services/pap/server.go:220.58,222.16 2 1
stratium/services/pap/server.go:222.16,224.3 1 1
stratium/services/pap/server.go:225.2,225.22 1 1
stratium/services/pap/validation.go:10.73,11.65 1 1
stratium/services/pap/validation.go:11.65,13.3 1 1
stratium/services/pap/validation.go:14.2,14.61 1 1
stratium/services/pap/validation.go:14.61,16.3 1 1
stratium/services/pap/validation.go:17.2,17.84 1 1
stratium/services/pap/validation.go:17.84,19.3 1 1
stratium/services/pap/validation.go:20.2,20.57 1 1
stratium/services/pap/validation.go:20.57,22.3 1 1
stratium/services/pap/validation.go:23.2,23.12 1 1
stratium/services/pap/validation.go:26.73,27.21 1 1
stratium/services/pap/validation.go:27.21,28.67 1 1
stratium/services/pap/validation.go:28.67,30.4 1 1
stratium/services/pap/validation.go:32.2,32.25 1 1
stratium/services/pap/validation.go:32.25,33.63 1 1
stratium/services/pap/validation.go:33.63,35.4 1 1
stratium/services/pap/validation.go:37.2,37.30 1 1
stratium/services/pap/validation.go:37.30,38.86 1 1
stratium/services/pap/validation.go:38.86,40.4 1 1
stratium/services/pap/validation.go:42.2,42.23 1 1
stratium/services/pap/validation.go:42.23,43.59 1 1
stratium/services/pap/validation.go:43.59,45.4 1 0
stratium/services/pap/validation.go:47.2,47.12 1 1
stratium/services/pap/validation.go:50.93,51.57 1 1
stratium/services/pap/validation.go:51.57,53.3 1 1
stratium/services/pap/validation.go:54.2,54.80 1 1
stratium/services/pap/validation.go:54.80,56.3 1 1
stratium/services/pap/validation.go:57.2,57.12 1 1
stratium/services/pap/validation.go:60.169,61.57 1 1
stratium/services/pap/validation.go:61.57,63.3 1 1
stratium/services/pap/validation.go:64.2,64.80 1 1
stratium/services/pap/validation.go:64.80,66.3 1 1
stratium/services/pap/validation.go:67.2,67.92 1 1
stratium/services/pap/validation.go:67.92,69.3 1 1
stratium/services/pap/validation.go:70.2,70.94 1 1
stratium/services/pap/validation.go:70.94,72.3 1 1
stratium/services/pap/validation.go:73.2,73.65 1 1
stratium/services/pap/validation.go:73.65,75.3 1 1
stratium/services/pap/validation.go:76.2,76.12 1 1
stratium/services/pap/validation.go:79.81,80.96 1 1
stratium/services/pap/validation.go:80.96,82.3 1 1
stratium/services/pap/validation.go:83.2,83.69 1 1
stratium/services/pap/validation.go:83.69,85.3 1 1
stratium/services/pap/validation.go:86.2,86.12 1 1
stratium/services/pap/validation.go:89.67,90.18 1 1
stratium/services/pap/validation.go:91.87,92.13 1 1
stratium/services/pap/validation.go:93.10,94.64 1 1
stratium/services/pap/validation.go:98.61,99.16 1 1
stratium/services/pap/validation.go:100.57,101.13 1 1
stratium/services/pap/validation.go:102.10,103.52 1 1
stratium/services/pap/validation.go:107.60,108.36 1 1
stratium/services/pap/validation.go:108.36,110.3 1 1
stratium/services/pap/validation.go:111.2,111.12 1 1
stratium/services/pap/validation.go:114.87,115.21 1 1
stratium/services/pap/validation.go:115.21,117.3 1 1
stratium/services/pap/validation.go:118.2,118.12 1 1
